<?xml version="1.0" encoding="ISO-8859-1" ?>
<link_info>
   <banner>MSP430 Linker PC v18.12.2.LTS</banner>
   <copyright>Copyright (c) 2003-2018 Texas Instruments Incorporated</copyright>
   <link_time>0x5d4ea8dd</link_time>
   <link_errors>0x0</link_errors>
   <output_file>Lab3-2-1 Interrupt.out</output_file>
   <entry_point>
      <name>_c_int00_noargs</name>
      <address>0x4400</address>
   </entry_point>
   <input_file_list>
      <input_file id="fl-2">
         <path>.\</path>
         <kind>object</kind>
         <file>main.obj</file>
         <name>main.obj</name>
      </input_file>
      <input_file id="fl-3">
         <path>.\src\</path>
         <kind>object</kind>
         <file>ADC.obj</file>
         <name>ADC.obj</name>
      </input_file>
      <input_file id="fl-4">
         <path>.\src\</path>
         <kind>object</kind>
         <file>Motol_and_control.obj</file>
         <name>Motol_and_control.obj</name>
      </input_file>
      <input_file id="fl-5">
         <path>.\src\</path>
         <kind>object</kind>
         <file>Schedule.obj</file>
         <name>Schedule.obj</name>
      </input_file>
      <input_file id="fl-6">
         <path>.\src\</path>
         <kind>object</kind>
         <file>Timer.obj</file>
         <name>Timer.obj</name>
      </input_file>
      <input_file id="fl-7">
         <path>.\src\</path>
         <kind>object</kind>
         <file>Uart.obj</file>
         <name>Uart.obj</name>
      </input_file>
      <input_file id="fl-c">
         <kind>object</kind>
         <file>&lt;internal&gt;</file>
         <name>&lt;internal&gt;</name>
      </input_file>
      <input_file id="fl-22">
         <path>E:\software\ccs\tools\compiler\ti-cgt-msp430_18.12.2.LTS\lib\</path>
         <kind>archive</kind>
         <file>rts430x_lc_sd_eabi.lib</file>
         <name>div16s.asm.obj</name>
      </input_file>
      <input_file id="fl-23">
         <path>E:\software\ccs\tools\compiler\ti-cgt-msp430_18.12.2.LTS\lib\</path>
         <kind>archive</kind>
         <file>rts430x_lc_sd_eabi.lib</file>
         <name>div16u.asm.obj</name>
      </input_file>
      <input_file id="fl-24">
         <path>E:\software\ccs\tools\compiler\ti-cgt-msp430_18.12.2.LTS\lib\</path>
         <kind>archive</kind>
         <file>rts430x_lc_sd_eabi.lib</file>
         <name>fs_add.asm.obj</name>
      </input_file>
      <input_file id="fl-25">
         <path>E:\software\ccs\tools\compiler\ti-cgt-msp430_18.12.2.LTS\lib\</path>
         <kind>archive</kind>
         <file>rts430x_lc_sd_eabi.lib</file>
         <name>fs_cmp.asm.obj</name>
      </input_file>
      <input_file id="fl-26">
         <path>E:\software\ccs\tools\compiler\ti-cgt-msp430_18.12.2.LTS\lib\</path>
         <kind>archive</kind>
         <file>rts430x_lc_sd_eabi.lib</file>
         <name>fs_div.asm.obj</name>
      </input_file>
      <input_file id="fl-27">
         <path>E:\software\ccs\tools\compiler\ti-cgt-msp430_18.12.2.LTS\lib\</path>
         <kind>archive</kind>
         <file>rts430x_lc_sd_eabi.lib</file>
         <name>fs_toi.asm.obj</name>
      </input_file>
      <input_file id="fl-28">
         <path>E:\software\ccs\tools\compiler\ti-cgt-msp430_18.12.2.LTS\lib\</path>
         <kind>archive</kind>
         <file>rts430x_lc_sd_eabi.lib</file>
         <name>fs_utof.asm.obj</name>
      </input_file>
      <input_file id="fl-29">
         <path>E:\software\ccs\tools\compiler\ti-cgt-msp430_18.12.2.LTS\lib\</path>
         <kind>archive</kind>
         <file>rts430x_lc_sd_eabi.lib</file>
         <name>int41.asm.obj</name>
      </input_file>
      <input_file id="fl-2a">
         <path>E:\software\ccs\tools\compiler\ti-cgt-msp430_18.12.2.LTS\lib\</path>
         <kind>archive</kind>
         <file>rts430x_lc_sd_eabi.lib</file>
         <name>int42.asm.obj</name>
      </input_file>
      <input_file id="fl-2b">
         <path>E:\software\ccs\tools\compiler\ti-cgt-msp430_18.12.2.LTS\lib\</path>
         <kind>archive</kind>
         <file>rts430x_lc_sd_eabi.lib</file>
         <name>int43.asm.obj</name>
      </input_file>
      <input_file id="fl-2c">
         <path>E:\software\ccs\tools\compiler\ti-cgt-msp430_18.12.2.LTS\lib\</path>
         <kind>archive</kind>
         <file>rts430x_lc_sd_eabi.lib</file>
         <name>int44.asm.obj</name>
      </input_file>
      <input_file id="fl-2d">
         <path>E:\software\ccs\tools\compiler\ti-cgt-msp430_18.12.2.LTS\lib\</path>
         <kind>archive</kind>
         <file>rts430x_lc_sd_eabi.lib</file>
         <name>int45.asm.obj</name>
      </input_file>
      <input_file id="fl-2e">
         <path>E:\software\ccs\tools\compiler\ti-cgt-msp430_18.12.2.LTS\lib\</path>
         <kind>archive</kind>
         <file>rts430x_lc_sd_eabi.lib</file>
         <name>int46.asm.obj</name>
      </input_file>
      <input_file id="fl-2f">
         <path>E:\software\ccs\tools\compiler\ti-cgt-msp430_18.12.2.LTS\lib\</path>
         <kind>archive</kind>
         <file>rts430x_lc_sd_eabi.lib</file>
         <name>int47.asm.obj</name>
      </input_file>
      <input_file id="fl-30">
         <path>E:\software\ccs\tools\compiler\ti-cgt-msp430_18.12.2.LTS\lib\</path>
         <kind>archive</kind>
         <file>rts430x_lc_sd_eabi.lib</file>
         <name>int48.asm.obj</name>
      </input_file>
      <input_file id="fl-31">
         <path>E:\software\ccs\tools\compiler\ti-cgt-msp430_18.12.2.LTS\lib\</path>
         <kind>archive</kind>
         <file>rts430x_lc_sd_eabi.lib</file>
         <name>int49.asm.obj</name>
      </input_file>
      <input_file id="fl-32">
         <path>E:\software\ccs\tools\compiler\ti-cgt-msp430_18.12.2.LTS\lib\</path>
         <kind>archive</kind>
         <file>rts430x_lc_sd_eabi.lib</file>
         <name>int50.asm.obj</name>
      </input_file>
      <input_file id="fl-33">
         <path>E:\software\ccs\tools\compiler\ti-cgt-msp430_18.12.2.LTS\lib\</path>
         <kind>archive</kind>
         <file>rts430x_lc_sd_eabi.lib</file>
         <name>int51.asm.obj</name>
      </input_file>
      <input_file id="fl-34">
         <path>E:\software\ccs\tools\compiler\ti-cgt-msp430_18.12.2.LTS\lib\</path>
         <kind>archive</kind>
         <file>rts430x_lc_sd_eabi.lib</file>
         <name>int52.asm.obj</name>
      </input_file>
      <input_file id="fl-35">
         <path>E:\software\ccs\tools\compiler\ti-cgt-msp430_18.12.2.LTS\lib\</path>
         <kind>archive</kind>
         <file>rts430x_lc_sd_eabi.lib</file>
         <name>int54.asm.obj</name>
      </input_file>
      <input_file id="fl-36">
         <path>E:\software\ccs\tools\compiler\ti-cgt-msp430_18.12.2.LTS\lib\</path>
         <kind>archive</kind>
         <file>rts430x_lc_sd_eabi.lib</file>
         <name>int55.asm.obj</name>
      </input_file>
      <input_file id="fl-37">
         <path>E:\software\ccs\tools\compiler\ti-cgt-msp430_18.12.2.LTS\lib\</path>
         <kind>archive</kind>
         <file>rts430x_lc_sd_eabi.lib</file>
         <name>int57.asm.obj</name>
      </input_file>
      <input_file id="fl-38">
         <path>E:\software\ccs\tools\compiler\ti-cgt-msp430_18.12.2.LTS\lib\</path>
         <kind>archive</kind>
         <file>rts430x_lc_sd_eabi.lib</file>
         <name>int58.asm.obj</name>
      </input_file>
      <input_file id="fl-39">
         <path>E:\software\ccs\tools\compiler\ti-cgt-msp430_18.12.2.LTS\lib\</path>
         <kind>archive</kind>
         <file>rts430x_lc_sd_eabi.lib</file>
         <name>int59.asm.obj</name>
      </input_file>
      <input_file id="fl-3a">
         <path>E:\software\ccs\tools\compiler\ti-cgt-msp430_18.12.2.LTS\lib\</path>
         <kind>archive</kind>
         <file>rts430x_lc_sd_eabi.lib</file>
         <name>int60.asm.obj</name>
      </input_file>
      <input_file id="fl-3b">
         <path>E:\software\ccs\tools\compiler\ti-cgt-msp430_18.12.2.LTS\lib\</path>
         <kind>archive</kind>
         <file>rts430x_lc_sd_eabi.lib</file>
         <name>int61.asm.obj</name>
      </input_file>
      <input_file id="fl-3c">
         <path>E:\software\ccs\tools\compiler\ti-cgt-msp430_18.12.2.LTS\lib\</path>
         <kind>archive</kind>
         <file>rts430x_lc_sd_eabi.lib</file>
         <name>int62.asm.obj</name>
      </input_file>
      <input_file id="fl-3d">
         <path>E:\software\ccs\tools\compiler\ti-cgt-msp430_18.12.2.LTS\lib\</path>
         <kind>archive</kind>
         <file>rts430x_lc_sd_eabi.lib</file>
         <name>isr_trap.asm.obj</name>
      </input_file>
      <input_file id="fl-3e">
         <path>E:\software\ccs\tools\compiler\ti-cgt-msp430_18.12.2.LTS\lib\</path>
         <kind>archive</kind>
         <file>rts430x_lc_sd_eabi.lib</file>
         <name>mult16_f5hw.asm.obj</name>
      </input_file>
      <input_file id="fl-3f">
         <path>E:\software\ccs\tools\compiler\ti-cgt-msp430_18.12.2.LTS\lib\</path>
         <kind>archive</kind>
         <file>rts430x_lc_sd_eabi.lib</file>
         <name>mult1632_f5hw.asm.obj</name>
      </input_file>
      <input_file id="fl-40">
         <path>E:\software\ccs\tools\compiler\ti-cgt-msp430_18.12.2.LTS\lib\</path>
         <kind>archive</kind>
         <file>rts430x_lc_sd_eabi.lib</file>
         <name>mult32_f5hw.asm.obj</name>
      </input_file>
      <input_file id="fl-41">
         <path>E:\software\ccs\tools\compiler\ti-cgt-msp430_18.12.2.LTS\lib\</path>
         <kind>archive</kind>
         <file>rts430x_lc_sd_eabi.lib</file>
         <name>mult3264_f5hw.asm.obj</name>
      </input_file>
      <input_file id="fl-42">
         <path>E:\software\ccs\tools\compiler\ti-cgt-msp430_18.12.2.LTS\lib\</path>
         <kind>archive</kind>
         <file>rts430x_lc_sd_eabi.lib</file>
         <name>mult64_f5hw.asm.obj</name>
      </input_file>
      <input_file id="fl-43">
         <path>E:\software\ccs\tools\compiler\ti-cgt-msp430_18.12.2.LTS\lib\</path>
         <kind>archive</kind>
         <file>rts430x_lc_sd_eabi.lib</file>
         <name>boot.c.obj</name>
      </input_file>
      <input_file id="fl-44">
         <path>E:\software\ccs\tools\compiler\ti-cgt-msp430_18.12.2.LTS\lib\</path>
         <kind>archive</kind>
         <file>rts430x_lc_sd_eabi.lib</file>
         <name>autoinit.c.obj</name>
      </input_file>
      <input_file id="fl-45">
         <path>E:\software\ccs\tools\compiler\ti-cgt-msp430_18.12.2.LTS\lib\</path>
         <kind>archive</kind>
         <file>rts430x_lc_sd_eabi.lib</file>
         <name>copy_zero_init.c.obj</name>
      </input_file>
      <input_file id="fl-46">
         <path>E:\software\ccs\tools\compiler\ti-cgt-msp430_18.12.2.LTS\lib\</path>
         <kind>archive</kind>
         <file>rts430x_lc_sd_eabi.lib</file>
         <name>cpy_tbl.c.obj</name>
      </input_file>
      <input_file id="fl-47">
         <path>E:\software\ccs\tools\compiler\ti-cgt-msp430_18.12.2.LTS\lib\</path>
         <kind>archive</kind>
         <file>rts430x_lc_sd_eabi.lib</file>
         <name>mpu_init.c.obj</name>
      </input_file>
      <input_file id="fl-48">
         <path>E:\software\ccs\tools\compiler\ti-cgt-msp430_18.12.2.LTS\lib\</path>
         <kind>archive</kind>
         <file>rts430x_lc_sd_eabi.lib</file>
         <name>pre_init.c.obj</name>
      </input_file>
      <input_file id="fl-49">
         <path>E:\software\ccs\tools\compiler\ti-cgt-msp430_18.12.2.LTS\lib\</path>
         <kind>archive</kind>
         <file>rts430x_lc_sd_eabi.lib</file>
         <name>startup.c.obj</name>
      </input_file>
      <input_file id="fl-4a">
         <path>E:\software\ccs\tools\compiler\ti-cgt-msp430_18.12.2.LTS\lib\</path>
         <kind>archive</kind>
         <file>rts430x_lc_sd_eabi.lib</file>
         <name>copy_decompress_none.c.obj</name>
      </input_file>
      <input_file id="fl-4b">
         <path>E:\software\ccs\tools\compiler\ti-cgt-msp430_18.12.2.LTS\lib\</path>
         <kind>archive</kind>
         <file>rts430x_lc_sd_eabi.lib</file>
         <name>copy_decompress_lzss.c.obj</name>
      </input_file>
      <input_file id="fl-4c">
         <path>E:\software\ccs\tools\compiler\ti-cgt-msp430_18.12.2.LTS\lib\</path>
         <kind>archive</kind>
         <file>rts430x_lc_sd_eabi.lib</file>
         <name>addd.c.obj</name>
      </input_file>
      <input_file id="fl-4d">
         <path>E:\software\ccs\tools\compiler\ti-cgt-msp430_18.12.2.LTS\lib\</path>
         <kind>archive</kind>
         <file>rts430x_lc_sd_eabi.lib</file>
         <name>cvtfd.c.obj</name>
      </input_file>
      <input_file id="fl-4e">
         <path>E:\software\ccs\tools\compiler\ti-cgt-msp430_18.12.2.LTS\lib\</path>
         <kind>archive</kind>
         <file>rts430x_lc_sd_eabi.lib</file>
         <name>frcaddd.c.obj</name>
      </input_file>
      <input_file id="fl-4f">
         <path>E:\software\ccs\tools\compiler\ti-cgt-msp430_18.12.2.LTS\lib\</path>
         <kind>archive</kind>
         <file>rts430x_lc_sd_eabi.lib</file>
         <name>renormd.c.obj</name>
      </input_file>
      <input_file id="fl-50">
         <path>E:\software\ccs\tools\compiler\ti-cgt-msp430_18.12.2.LTS\lib\</path>
         <kind>archive</kind>
         <file>rts430x_lc_sd_eabi.lib</file>
         <name>cvtdf.c.obj</name>
      </input_file>
      <input_file id="fl-51">
         <path>E:\software\ccs\tools\compiler\ti-cgt-msp430_18.12.2.LTS\lib\</path>
         <kind>archive</kind>
         <file>rts430x_lc_sd_eabi.lib</file>
         <name>exit.c.obj</name>
      </input_file>
      <input_file id="fl-52">
         <path>E:\software\ccs\tools\compiler\ti-cgt-msp430_18.12.2.LTS\lib\</path>
         <kind>archive</kind>
         <file>rts430x_lc_sd_eabi.lib</file>
         <name>_lock.c.obj</name>
      </input_file>
      <input_file id="fl-53">
         <path>E:\software\ccs\tools\compiler\ti-cgt-msp430_18.12.2.LTS\lib\</path>
         <kind>archive</kind>
         <file>rts430x_lc_sd_eabi.lib</file>
         <name>args_main.c.obj</name>
      </input_file>
      <input_file id="fl-54">
         <path>E:\software\ccs\tools\compiler\ti-cgt-msp430_18.12.2.LTS\lib\</path>
         <kind>archive</kind>
         <file>rts430x_lc_sd_eabi.lib</file>
         <name>memcpy.c.obj</name>
      </input_file>
      <input_file id="fl-55">
         <path>E:\software\ccs\tools\compiler\ti-cgt-msp430_18.12.2.LTS\lib\</path>
         <kind>archive</kind>
         <file>rts430x_lc_sd_eabi.lib</file>
         <name>asr32.asm.obj</name>
      </input_file>
      <input_file id="fl-56">
         <path>E:\software\ccs\tools\compiler\ti-cgt-msp430_18.12.2.LTS\lib\</path>
         <kind>archive</kind>
         <file>rts430x_lc_sd_eabi.lib</file>
         <name>cpy_util.asm.obj</name>
      </input_file>
      <input_file id="fl-57">
         <path>E:\software\ccs\tools\compiler\ti-cgt-msp430_18.12.2.LTS\lib\</path>
         <kind>archive</kind>
         <file>rts430x_lc_sd_eabi.lib</file>
         <name>lsl32.asm.obj</name>
      </input_file>
      <input_file id="fl-58">
         <path>E:\software\ccs\tools\compiler\ti-cgt-msp430_18.12.2.LTS\lib\</path>
         <kind>archive</kind>
         <file>rts430x_lc_sd_eabi.lib</file>
         <name>lsr32.asm.obj</name>
      </input_file>
      <input_file id="fl-59">
         <path>E:\software\ccs\tools\compiler\ti-cgt-msp430_18.12.2.LTS\lib\</path>
         <kind>archive</kind>
         <file>rts430x_lc_sd_eabi.lib</file>
         <name>mult16.asm.obj</name>
      </input_file>
      <input_file id="fl-5a">
         <path>E:\software\ccs\tools\compiler\ti-cgt-msp430_18.12.2.LTS\lib\</path>
         <kind>archive</kind>
         <file>rts430x_lc_sd_eabi.lib</file>
         <name>exit_gvars.c.obj</name>
      </input_file>
      <input_file id="fl-5b">
         <path>E:\software\ccs\tools\compiler\ti-cgt-msp430_18.12.2.LTS\lib\</path>
         <kind>archive</kind>
         <file>rts430x_lc_sd_eabi.lib</file>
         <name>lsr64.c.obj</name>
      </input_file>
   </input_file_list>
   <object_component_list>
      <object_component id="oc-423">
         <name>.common:SystemStatus</name>
         <uninitialized>true</uninitialized>
         <run_address>0x2400</run_address>
         <size>0x2c</size>
      </object_component>
      <object_component id="oc-44e">
         <name>.common:FilterBuff</name>
         <uninitialized>true</uninitialized>
         <run_address>0x242c</run_address>
         <size>0x14</size>
      </object_component>
      <object_component id="oc-45b">
         <name>.common:FilterBuffVoltage</name>
         <uninitialized>true</uninitialized>
         <run_address>0x2440</run_address>
         <size>0x14</size>
      </object_component>
      <object_component id="oc-45d">
         <name>.data</name>
         <load_address>0x2454</load_address>
         <run_address>0x2454</run_address>
         <size>0x4</size>
         <input_file_ref idref="fl-4"/>
      </object_component>
      <object_component id="oc-368">
         <name>.stack</name>
         <uninitialized>true</uninitialized>
         <run_address>0x4360</run_address>
         <size>0x2</size>
         <input_file_ref idref="fl-43"/>
      </object_component>
      <object_component id="oc-66a">
         <name>.stack</name>
         <uninitialized>true</uninitialized>
         <run_address>0x4360</run_address>
         <size>0x0</size>
      </object_component>
      <object_component id="oc-42c">
         <name>.text:__mspabi_addd</name>
         <load_address>0x444e</load_address>
         <run_address>0x444e</run_address>
         <size>0x2de</size>
         <input_file_ref idref="fl-4c"/>
      </object_component>
      <object_component id="oc-4c5">
         <name>.text:__TI_frcaddd</name>
         <load_address>0x472c</load_address>
         <run_address>0x472c</run_address>
         <size>0x248</size>
         <input_file_ref idref="fl-4e"/>
      </object_component>
      <object_component id="oc-451">
         <name>.text</name>
         <load_address>0x4974</load_address>
         <run_address>0x4974</run_address>
         <size>0x132</size>
         <input_file_ref idref="fl-24"/>
      </object_component>
      <object_component id="oc-3e1">
         <name>.text:CurrentDetect</name>
         <load_address>0x4aa6</load_address>
         <run_address>0x4aa6</run_address>
         <size>0x11c</size>
         <input_file_ref idref="fl-3"/>
      </object_component>
      <object_component id="oc-6a">
         <name>.text:decompress:lzss:__TI_decompress_lzss</name>
         <load_address>0x4bc2</load_address>
         <run_address>0x4bc2</run_address>
         <size>0xee</size>
         <input_file_ref idref="fl-4b"/>
      </object_component>
      <object_component id="oc-3db">
         <name>.text:SysTimeFlash</name>
         <load_address>0x4cb0</load_address>
         <run_address>0x4cb0</run_address>
         <size>0xc8</size>
         <input_file_ref idref="fl-5"/>
      </object_component>
      <object_component id="oc-4f4">
         <name>.text:FollowLineMode3</name>
         <load_address>0x4d78</load_address>
         <run_address>0x4d78</run_address>
         <size>0xb2</size>
         <input_file_ref idref="fl-4"/>
      </object_component>
      <object_component id="oc-575">
         <name>.text:__TI_renormd</name>
         <load_address>0x4e2a</load_address>
         <run_address>0x4e2a</run_address>
         <size>0xb2</size>
         <input_file_ref idref="fl-4f"/>
      </object_component>
      <object_component id="oc-4ee">
         <name>.text:FollowLine</name>
         <load_address>0x4edc</load_address>
         <run_address>0x4edc</run_address>
         <size>0xae</size>
         <input_file_ref idref="fl-4"/>
      </object_component>
      <object_component id="oc-442">
         <name>.text:Send_digital</name>
         <load_address>0x4f8a</load_address>
         <run_address>0x4f8a</run_address>
         <size>0xa0</size>
         <input_file_ref idref="fl-7"/>
      </object_component>
      <object_component id="oc-456">
         <name>.text</name>
         <load_address>0x502a</load_address>
         <run_address>0x502a</run_address>
         <size>0x90</size>
         <input_file_ref idref="fl-26"/>
      </object_component>
      <object_component id="oc-432">
         <name>.text:__mspabi_cvtdf</name>
         <load_address>0x50ba</load_address>
         <run_address>0x50ba</run_address>
         <size>0x8c</size>
         <input_file_ref idref="fl-50"/>
      </object_component>
      <object_component id="oc-3e7">
         <name>.text:RodeDetect</name>
         <load_address>0x5146</load_address>
         <run_address>0x5146</run_address>
         <size>0x82</size>
         <input_file_ref idref="fl-4"/>
      </object_component>
      <object_component id="oc-46d">
         <name>.text:System_Init</name>
         <load_address>0x51c8</load_address>
         <run_address>0x51c8</run_address>
         <size>0x7a</size>
         <input_file_ref idref="fl-5"/>
      </object_component>
      <object_component id="oc-43d">
         <name>.text</name>
         <load_address>0x5242</load_address>
         <run_address>0x5242</run_address>
         <size>0x68</size>
         <input_file_ref idref="fl-27"/>
      </object_component>
      <object_component id="oc-426">
         <name>.text:__mspabi_cvtfd</name>
         <load_address>0x52aa</load_address>
         <run_address>0x52aa</run_address>
         <size>0x5c</size>
         <input_file_ref idref="fl-4d"/>
      </object_component>
      <object_component id="oc-480">
         <name>.text:__TI_auto_init_nobinit_nopinit:__TI_auto_init_nobinit_nopinit</name>
         <load_address>0x5306</load_address>
         <run_address>0x5306</run_address>
         <size>0x56</size>
         <input_file_ref idref="fl-44"/>
      </object_component>
      <object_component id="oc-438">
         <name>.text</name>
         <load_address>0x535c</load_address>
         <run_address>0x535c</run_address>
         <size>0x4a</size>
         <input_file_ref idref="fl-25"/>
      </object_component>
      <object_component id="oc-462">
         <name>.text:Mode_3</name>
         <load_address>0x53a6</load_address>
         <run_address>0x53a6</run_address>
         <size>0x42</size>
         <input_file_ref idref="fl-4"/>
      </object_component>
      <object_component id="oc-377">
         <name>.text:__memcpy_far</name>
         <load_address>0x53e8</load_address>
         <run_address>0x53e8</run_address>
         <size>0x40</size>
         <input_file_ref idref="fl-56"/>
      </object_component>
      <object_component id="oc-507">
         <name>.text:PWM_init</name>
         <load_address>0x5428</load_address>
         <run_address>0x5428</run_address>
         <size>0x3e</size>
         <input_file_ref idref="fl-6"/>
      </object_component>
      <object_component id="oc-394">
         <name>.text:decompress:ZI:__TI_zero_init_nomemset:__TI_zero_init_nomemset</name>
         <load_address>0x5466</load_address>
         <run_address>0x5466</run_address>
         <size>0x3e</size>
         <input_file_ref idref="fl-45"/>
      </object_component>
      <object_component id="oc-4ba">
         <name>.text:l_asr_const</name>
         <load_address>0x54a4</load_address>
         <run_address>0x54a4</run_address>
         <size>0x3e</size>
         <input_file_ref idref="fl-55"/>
      </object_component>
      <object_component id="oc-4d2">
         <name>.text:l_lsl_const</name>
         <load_address>0x54e2</load_address>
         <run_address>0x54e2</run_address>
         <size>0x3e</size>
         <input_file_ref idref="fl-57"/>
      </object_component>
      <object_component id="oc-5d1">
         <name>.text:l_lsr_const</name>
         <load_address>0x5520</load_address>
         <run_address>0x5520</run_address>
         <size>0x3e</size>
         <input_file_ref idref="fl-58"/>
      </object_component>
      <object_component id="oc-51f">
         <name>.text:Encode_port_init</name>
         <load_address>0x555e</load_address>
         <run_address>0x555e</run_address>
         <size>0x3c</size>
         <input_file_ref idref="fl-5"/>
      </object_component>
      <object_component id="oc-465">
         <name>.text:Mode_1</name>
         <load_address>0x559a</load_address>
         <run_address>0x559a</run_address>
         <size>0x3c</size>
         <input_file_ref idref="fl-4"/>
      </object_component>
      <object_component id="oc-70">
         <name>.text:decompress:none:__TI_decompress_none</name>
         <load_address>0x55d6</load_address>
         <run_address>0x55d6</run_address>
         <size>0x3c</size>
         <input_file_ref idref="fl-4a"/>
      </object_component>
      <object_component id="oc-501">
         <name>.text:ADC_init</name>
         <load_address>0x5612</load_address>
         <run_address>0x5612</run_address>
         <size>0x2e</size>
         <input_file_ref idref="fl-3"/>
      </object_component>
      <object_component id="oc-519">
         <name>.text:Rode_port_init</name>
         <load_address>0x5640</load_address>
         <run_address>0x5640</run_address>
         <size>0x2c</size>
         <input_file_ref idref="fl-4"/>
      </object_component>
      <object_component id="oc-4db">
         <name>.text</name>
         <load_address>0x566c</load_address>
         <run_address>0x566c</run_address>
         <size>0x2c</size>
         <input_file_ref idref="fl-22"/>
      </object_component>
      <object_component id="oc-52b">
         <name>.text:Uart0_init</name>
         <load_address>0x5698</load_address>
         <run_address>0x5698</run_address>
         <size>0x2a</size>
         <input_file_ref idref="fl-7"/>
      </object_component>
      <object_component id="oc-3ed">
         <name>.text:Schedule</name>
         <load_address>0x56c2</load_address>
         <run_address>0x56c2</run_address>
         <size>0x26</size>
         <input_file_ref idref="fl-5"/>
      </object_component>
      <object_component id="oc-449">
         <name>.text</name>
         <load_address>0x56e8</load_address>
         <run_address>0x56e8</run_address>
         <size>0x24</size>
         <input_file_ref idref="fl-28"/>
      </object_component>
      <object_component id="oc-4fa">
         <name>.text:Direct_Forward</name>
         <load_address>0x570c</load_address>
         <run_address>0x570c</run_address>
         <size>0x1e</size>
         <input_file_ref idref="fl-4"/>
      </object_component>
      <object_component id="oc-525">
         <name>.text:System_Mode_confirm</name>
         <load_address>0x572a</load_address>
         <run_address>0x572a</run_address>
         <size>0x18</size>
         <input_file_ref idref="fl-5"/>
      </object_component>
      <object_component id="oc-582">
         <name>.text</name>
         <load_address>0x5742</load_address>
         <run_address>0x5742</run_address>
         <size>0x16</size>
         <input_file_ref idref="fl-23"/>
      </object_component>
      <object_component id="oc-4e0">
         <name>.text:SendSring</name>
         <load_address>0x5758</load_address>
         <run_address>0x5758</run_address>
         <size>0x14</size>
         <input_file_ref idref="fl-7"/>
      </object_component>
      <object_component id="oc-50d">
         <name>.text:Timer_init</name>
         <load_address>0x576c</load_address>
         <run_address>0x576c</run_address>
         <size>0x14</size>
         <input_file_ref idref="fl-6"/>
      </object_component>
      <object_component id="oc-513">
         <name>.text:motol_init</name>
         <load_address>0x5780</load_address>
         <run_address>0x5780</run_address>
         <size>0x12</size>
         <input_file_ref idref="fl-4"/>
      </object_component>
      <object_component id="oc-570">
         <name>.text:l_asr</name>
         <load_address>0x5792</load_address>
         <run_address>0x5792</run_address>
         <size>0x10</size>
         <input_file_ref idref="fl-55"/>
      </object_component>
      <object_component id="oc-566">
         <name>.text:l_lsl</name>
         <load_address>0x57a2</load_address>
         <run_address>0x57a2</run_address>
         <size>0x10</size>
         <input_file_ref idref="fl-57"/>
      </object_component>
      <object_component id="oc-56b">
         <name>.text:l_lsr</name>
         <load_address>0x57b2</load_address>
         <run_address>0x57b2</run_address>
         <size>0x10</size>
         <input_file_ref idref="fl-58"/>
      </object_component>
      <object_component id="oc-402">
         <name>.text:main</name>
         <load_address>0x57c2</load_address>
         <run_address>0x57c2</run_address>
         <size>0x8</size>
         <input_file_ref idref="fl-2"/>
      </object_component>
      <object_component id="oc-474">
         <name>.text:abort</name>
         <load_address>0x57ca</load_address>
         <run_address>0x57ca</run_address>
         <size>0x6</size>
         <input_file_ref idref="fl-51"/>
      </object_component>
      <object_component id="oc-3fc">
         <name>.text:_system_pre_init</name>
         <load_address>0x57d0</load_address>
         <run_address>0x57d0</run_address>
         <size>0x4</size>
         <input_file_ref idref="fl-48"/>
      </object_component>
      <object_component id="oc-544">
         <name>.text:_system_post_cinit</name>
         <load_address>0x57d4</load_address>
         <run_address>0x57d4</run_address>
         <size>0x2</size>
         <input_file_ref idref="fl-49"/>
      </object_component>
      <object_component id="oc-3a6">
         <name>.text:_isr:_c_int00_noargs</name>
         <load_address>0x4400</load_address>
         <run_address>0x4400</run_address>
         <size>0x1c</size>
         <input_file_ref idref="fl-43"/>
      </object_component>
      <object_component id="oc-388">
         <name>.text:_isr:Timer_A</name>
         <load_address>0x441c</load_address>
         <run_address>0x441c</run_address>
         <size>0x16</size>
         <input_file_ref idref="fl-2"/>
      </object_component>
      <object_component id="oc-38e">
         <name>.text:_isr:USCI_A0_ISR</name>
         <load_address>0x4432</load_address>
         <run_address>0x4432</run_address>
         <size>0x14</size>
         <input_file_ref idref="fl-2"/>
      </object_component>
      <object_component id="oc-383">
         <name>.text:_isr:__TI_ISR_TRAP</name>
         <load_address>0x4446</load_address>
         <run_address>0x4446</run_address>
         <size>0x8</size>
         <input_file_ref idref="fl-3d"/>
      </object_component>
      <object_component id="oc-666">
         <name>__TI_handler_table</name>
         <load_address>0x57d6</load_address>
         <run_address>0x57d6</run_address>
         <size>0xc</size>
      </object_component>
      <object_component id="oc-669">
         <name>.cinit..data.load</name>
         <load_address>0x57e2</load_address>
         <run_address>0x57e2</run_address>
         <size>0x7</size>
      </object_component>
      <object_component id="oc-668">
         <name>.cinit..bss.load</name>
         <load_address>0x57ea</load_address>
         <run_address>0x57ea</run_address>
         <size>0x6</size>
      </object_component>
      <object_component id="oc-667">
         <name>__TI_cinit_table</name>
         <load_address>0x57f0</load_address>
         <run_address>0x57f0</run_address>
         <size>0x10</size>
      </object_component>
      <object_component id="oc-76">
         <name>.int41</name>
         <load_address>0xffd2</load_address>
         <run_address>0xffd2</run_address>
         <size>0x2</size>
         <input_file_ref idref="fl-29"/>
      </object_component>
      <object_component id="oc-77">
         <name>.int42</name>
         <load_address>0xffd4</load_address>
         <run_address>0xffd4</run_address>
         <size>0x2</size>
         <input_file_ref idref="fl-2a"/>
      </object_component>
      <object_component id="oc-78">
         <name>.int43</name>
         <load_address>0xffd6</load_address>
         <run_address>0xffd6</run_address>
         <size>0x2</size>
         <input_file_ref idref="fl-2b"/>
      </object_component>
      <object_component id="oc-79">
         <name>.int44</name>
         <load_address>0xffd8</load_address>
         <run_address>0xffd8</run_address>
         <size>0x2</size>
         <input_file_ref idref="fl-2c"/>
      </object_component>
      <object_component id="oc-7a">
         <name>.int45</name>
         <load_address>0xffda</load_address>
         <run_address>0xffda</run_address>
         <size>0x2</size>
         <input_file_ref idref="fl-2d"/>
      </object_component>
      <object_component id="oc-7b">
         <name>.int46</name>
         <load_address>0xffdc</load_address>
         <run_address>0xffdc</run_address>
         <size>0x2</size>
         <input_file_ref idref="fl-2e"/>
      </object_component>
      <object_component id="oc-7c">
         <name>.int47</name>
         <load_address>0xffde</load_address>
         <run_address>0xffde</run_address>
         <size>0x2</size>
         <input_file_ref idref="fl-2f"/>
      </object_component>
      <object_component id="oc-7d">
         <name>.int48</name>
         <load_address>0xffe0</load_address>
         <run_address>0xffe0</run_address>
         <size>0x2</size>
         <input_file_ref idref="fl-30"/>
      </object_component>
      <object_component id="oc-7e">
         <name>.int49</name>
         <load_address>0xffe2</load_address>
         <run_address>0xffe2</run_address>
         <size>0x2</size>
         <input_file_ref idref="fl-31"/>
      </object_component>
      <object_component id="oc-7f">
         <name>.int50</name>
         <load_address>0xffe4</load_address>
         <run_address>0xffe4</run_address>
         <size>0x2</size>
         <input_file_ref idref="fl-32"/>
      </object_component>
      <object_component id="oc-80">
         <name>.int51</name>
         <load_address>0xffe6</load_address>
         <run_address>0xffe6</run_address>
         <size>0x2</size>
         <input_file_ref idref="fl-33"/>
      </object_component>
      <object_component id="oc-81">
         <name>.int52</name>
         <load_address>0xffe8</load_address>
         <run_address>0xffe8</run_address>
         <size>0x2</size>
         <input_file_ref idref="fl-34"/>
      </object_component>
      <object_component id="oc-82">
         <name>.int53</name>
         <load_address>0xffea</load_address>
         <run_address>0xffea</run_address>
         <size>0x2</size>
         <input_file_ref idref="fl-2"/>
      </object_component>
      <object_component id="oc-83">
         <name>.int54</name>
         <load_address>0xffec</load_address>
         <run_address>0xffec</run_address>
         <size>0x2</size>
         <input_file_ref idref="fl-35"/>
      </object_component>
      <object_component id="oc-84">
         <name>.int55</name>
         <load_address>0xffee</load_address>
         <run_address>0xffee</run_address>
         <size>0x2</size>
         <input_file_ref idref="fl-36"/>
      </object_component>
      <object_component id="oc-85">
         <name>.int56</name>
         <load_address>0xfff0</load_address>
         <run_address>0xfff0</run_address>
         <size>0x2</size>
         <input_file_ref idref="fl-2"/>
      </object_component>
      <object_component id="oc-86">
         <name>.int57</name>
         <load_address>0xfff2</load_address>
         <run_address>0xfff2</run_address>
         <size>0x2</size>
         <input_file_ref idref="fl-37"/>
      </object_component>
      <object_component id="oc-87">
         <name>.int58</name>
         <load_address>0xfff4</load_address>
         <run_address>0xfff4</run_address>
         <size>0x2</size>
         <input_file_ref idref="fl-38"/>
      </object_component>
      <object_component id="oc-88">
         <name>.int59</name>
         <load_address>0xfff6</load_address>
         <run_address>0xfff6</run_address>
         <size>0x2</size>
         <input_file_ref idref="fl-39"/>
      </object_component>
      <object_component id="oc-89">
         <name>.int60</name>
         <load_address>0xfff8</load_address>
         <run_address>0xfff8</run_address>
         <size>0x2</size>
         <input_file_ref idref="fl-3a"/>
      </object_component>
      <object_component id="oc-8a">
         <name>.int61</name>
         <load_address>0xfffa</load_address>
         <run_address>0xfffa</run_address>
         <size>0x2</size>
         <input_file_ref idref="fl-3b"/>
      </object_component>
      <object_component id="oc-8b">
         <name>.int62</name>
         <load_address>0xfffc</load_address>
         <run_address>0xfffc</run_address>
         <size>0x2</size>
         <input_file_ref idref="fl-3c"/>
      </object_component>
      <object_component id="oc-36b">
         <name>.reset</name>
         <load_address>0xfffe</load_address>
         <run_address>0xfffe</run_address>
         <size>0x2</size>
         <input_file_ref idref="fl-43"/>
      </object_component>
      <object_component id="oc-424">
         <name>.debug_info</name>
         <load_address>0x0</load_address>
         <run_address>0x0</run_address>
         <size>0x266</size>
         <input_file_ref idref="fl-2"/>
      </object_component>
      <object_component id="oc-403">
         <name>.debug_info</name>
         <load_address>0x266</load_address>
         <run_address>0x266</run_address>
         <size>0xf2</size>
         <input_file_ref idref="fl-2"/>
      </object_component>
      <object_component id="oc-38f">
         <name>.debug_info</name>
         <load_address>0x358</load_address>
         <run_address>0x358</run_address>
         <size>0xf1</size>
         <input_file_ref idref="fl-2"/>
      </object_component>
      <object_component id="oc-389">
         <name>.debug_info</name>
         <load_address>0x449</load_address>
         <run_address>0x449</run_address>
         <size>0x130</size>
         <input_file_ref idref="fl-2"/>
      </object_component>
      <object_component id="oc-4b5">
         <name>.debug_info</name>
         <load_address>0x579</load_address>
         <run_address>0x579</run_address>
         <size>0x19e</size>
         <input_file_ref idref="fl-2"/>
      </object_component>
      <object_component id="oc-372">
         <name>.debug_info</name>
         <load_address>0x717</load_address>
         <run_address>0x717</run_address>
         <size>0x84</size>
         <input_file_ref idref="fl-2"/>
      </object_component>
      <object_component id="oc-44f">
         <name>.debug_info</name>
         <load_address>0x79b</load_address>
         <run_address>0x79b</run_address>
         <size>0x2c7</size>
         <input_file_ref idref="fl-3"/>
      </object_component>
      <object_component id="oc-3e2">
         <name>.debug_info</name>
         <load_address>0xa62</load_address>
         <run_address>0xa62</run_address>
         <size>0x224</size>
         <input_file_ref idref="fl-3"/>
      </object_component>
      <object_component id="oc-502">
         <name>.debug_info</name>
         <load_address>0xc86</load_address>
         <run_address>0xc86</run_address>
         <size>0xf3</size>
         <input_file_ref idref="fl-3"/>
      </object_component>
      <object_component id="oc-514">
         <name>.debug_info</name>
         <load_address>0xd79</load_address>
         <run_address>0xd79</run_address>
         <size>0x121</size>
         <input_file_ref idref="fl-4"/>
      </object_component>
      <object_component id="oc-51a">
         <name>.debug_info</name>
         <load_address>0xe9a</load_address>
         <run_address>0xe9a</run_address>
         <size>0x134</size>
         <input_file_ref idref="fl-4"/>
      </object_component>
      <object_component id="oc-3e8">
         <name>.debug_info</name>
         <load_address>0xfce</load_address>
         <run_address>0xfce</run_address>
         <size>0x150</size>
         <input_file_ref idref="fl-4"/>
      </object_component>
      <object_component id="oc-4fb">
         <name>.debug_info</name>
         <load_address>0x111e</load_address>
         <run_address>0x111e</run_address>
         <size>0x1a1</size>
         <input_file_ref idref="fl-4"/>
      </object_component>
      <object_component id="oc-4ef">
         <name>.debug_info</name>
         <load_address>0x12bf</load_address>
         <run_address>0x12bf</run_address>
         <size>0x1be</size>
         <input_file_ref idref="fl-4"/>
      </object_component>
      <object_component id="oc-4f5">
         <name>.debug_info</name>
         <load_address>0x147d</load_address>
         <run_address>0x147d</run_address>
         <size>0x1e9</size>
         <input_file_ref idref="fl-4"/>
      </object_component>
      <object_component id="oc-45e">
         <name>.debug_info</name>
         <load_address>0x1666</load_address>
         <run_address>0x1666</run_address>
         <size>0x16d</size>
         <input_file_ref idref="fl-4"/>
      </object_component>
      <object_component id="oc-466">
         <name>.debug_info</name>
         <load_address>0x17d3</load_address>
         <run_address>0x17d3</run_address>
         <size>0x16d</size>
         <input_file_ref idref="fl-4"/>
      </object_component>
      <object_component id="oc-526">
         <name>.debug_info</name>
         <load_address>0x1940</load_address>
         <run_address>0x1940</run_address>
         <size>0x129</size>
         <input_file_ref idref="fl-5"/>
      </object_component>
      <object_component id="oc-520">
         <name>.debug_info</name>
         <load_address>0x1a69</load_address>
         <run_address>0x1a69</run_address>
         <size>0x112</size>
         <input_file_ref idref="fl-5"/>
      </object_component>
      <object_component id="oc-470">
         <name>.debug_info</name>
         <load_address>0x1b7b</load_address>
         <run_address>0x1b7b</run_address>
         <size>0x19f</size>
         <input_file_ref idref="fl-5"/>
      </object_component>
      <object_component id="oc-3dc">
         <name>.debug_info</name>
         <load_address>0x1d1a</load_address>
         <run_address>0x1d1a</run_address>
         <size>0x198</size>
         <input_file_ref idref="fl-5"/>
      </object_component>
      <object_component id="oc-3f0">
         <name>.debug_info</name>
         <load_address>0x1eb2</load_address>
         <run_address>0x1eb2</run_address>
         <size>0x129</size>
         <input_file_ref idref="fl-5"/>
      </object_component>
      <object_component id="oc-510">
         <name>.debug_info</name>
         <load_address>0x1fdb</load_address>
         <run_address>0x1fdb</run_address>
         <size>0xfd</size>
         <input_file_ref idref="fl-6"/>
      </object_component>
      <object_component id="oc-509">
         <name>.debug_info</name>
         <load_address>0x20d8</load_address>
         <run_address>0x20d8</run_address>
         <size>0xf9</size>
         <input_file_ref idref="fl-6"/>
      </object_component>
      <object_component id="oc-4e7">
         <name>.debug_info</name>
         <load_address>0x21d1</load_address>
         <run_address>0x21d1</run_address>
         <size>0x27e</size>
         <input_file_ref idref="fl-7"/>
      </object_component>
      <object_component id="oc-52f">
         <name>.debug_info</name>
         <load_address>0x244f</load_address>
         <run_address>0x244f</run_address>
         <size>0xfa</size>
         <input_file_ref idref="fl-7"/>
      </object_component>
      <object_component id="oc-4e4">
         <name>.debug_info</name>
         <load_address>0x2549</load_address>
         <run_address>0x2549</run_address>
         <size>0x12a</size>
         <input_file_ref idref="fl-7"/>
      </object_component>
      <object_component id="oc-446">
         <name>.debug_info</name>
         <load_address>0x2673</load_address>
         <run_address>0x2673</run_address>
         <size>0x1c7</size>
         <input_file_ref idref="fl-7"/>
      </object_component>
      <object_component id="oc-58b">
         <name>.debug_info</name>
         <load_address>0x283a</load_address>
         <run_address>0x283a</run_address>
         <size>0x26b</size>
         <input_file_ref idref="fl-7"/>
      </object_component>
      <object_component id="oc-5db">
         <name>.debug_info</name>
         <load_address>0x2aa5</load_address>
         <run_address>0x2aa5</run_address>
         <size>0x275</size>
         <input_file_ref idref="fl-7"/>
      </object_component>
      <object_component id="oc-4de">
         <name>.debug_info</name>
         <load_address>0x2d1a</load_address>
         <run_address>0x2d1a</run_address>
         <size>0x136</size>
         <input_file_ref idref="fl-22"/>
      </object_component>
      <object_component id="oc-583">
         <name>.debug_info</name>
         <load_address>0x2e50</load_address>
         <run_address>0x2e50</run_address>
         <size>0x122</size>
         <input_file_ref idref="fl-23"/>
      </object_component>
      <object_component id="oc-452">
         <name>.debug_info</name>
         <load_address>0x2f72</load_address>
         <run_address>0x2f72</run_address>
         <size>0x122</size>
         <input_file_ref idref="fl-24"/>
      </object_component>
      <object_component id="oc-43b">
         <name>.debug_info</name>
         <load_address>0x3094</load_address>
         <run_address>0x3094</run_address>
         <size>0x12e</size>
         <input_file_ref idref="fl-25"/>
      </object_component>
      <object_component id="oc-459">
         <name>.debug_info</name>
         <load_address>0x31c2</load_address>
         <run_address>0x31c2</run_address>
         <size>0x122</size>
         <input_file_ref idref="fl-26"/>
      </object_component>
      <object_component id="oc-43e">
         <name>.debug_info</name>
         <load_address>0x32e4</load_address>
         <run_address>0x32e4</run_address>
         <size>0x136</size>
         <input_file_ref idref="fl-27"/>
      </object_component>
      <object_component id="oc-44c">
         <name>.debug_info</name>
         <load_address>0x341a</load_address>
         <run_address>0x341a</run_address>
         <size>0x125</size>
         <input_file_ref idref="fl-28"/>
      </object_component>
      <object_component id="oc-385">
         <name>.debug_info</name>
         <load_address>0x353f</load_address>
         <run_address>0x353f</run_address>
         <size>0x110</size>
         <input_file_ref idref="fl-3d"/>
      </object_component>
      <object_component id="oc-369">
         <name>.debug_info</name>
         <load_address>0x364f</load_address>
         <run_address>0x364f</run_address>
         <size>0x101</size>
         <input_file_ref idref="fl-43"/>
      </object_component>
      <object_component id="oc-3a7">
         <name>.debug_info</name>
         <load_address>0x3750</load_address>
         <run_address>0x3750</run_address>
         <size>0x17b</size>
         <input_file_ref idref="fl-43"/>
      </object_component>
      <object_component id="oc-54b">
         <name>.debug_info</name>
         <load_address>0x38cb</load_address>
         <run_address>0x38cb</run_address>
         <size>0x40a</size>
         <input_file_ref idref="fl-44"/>
      </object_component>
      <object_component id="oc-481">
         <name>.debug_info</name>
         <load_address>0x3cd5</load_address>
         <run_address>0x3cd5</run_address>
         <size>0x1e6</size>
         <input_file_ref idref="fl-44"/>
      </object_component>
      <object_component id="oc-5b2">
         <name>.debug_info</name>
         <load_address>0x3ebb</load_address>
         <run_address>0x3ebb</run_address>
         <size>0x39</size>
         <input_file_ref idref="fl-44"/>
      </object_component>
      <object_component id="oc-5c9">
         <name>.debug_info</name>
         <load_address>0x3ef4</load_address>
         <run_address>0x3ef4</run_address>
         <size>0x2c</size>
         <input_file_ref idref="fl-44"/>
      </object_component>
      <object_component id="oc-556">
         <name>.debug_info</name>
         <load_address>0x3f20</load_address>
         <run_address>0x3f20</run_address>
         <size>0x2c</size>
         <input_file_ref idref="fl-44"/>
      </object_component>
      <object_component id="oc-5b7">
         <name>.debug_info</name>
         <load_address>0x3f4c</load_address>
         <run_address>0x3f4c</run_address>
         <size>0xcd</size>
         <input_file_ref idref="fl-44"/>
      </object_component>
      <object_component id="oc-395">
         <name>.debug_info</name>
         <load_address>0x4019</load_address>
         <run_address>0x4019</run_address>
         <size>0x1d4</size>
         <input_file_ref idref="fl-45"/>
      </object_component>
      <object_component id="oc-3f6">
         <name>.debug_info</name>
         <load_address>0x41ed</load_address>
         <run_address>0x41ed</run_address>
         <size>0x46</size>
         <input_file_ref idref="fl-45"/>
      </object_component>
      <object_component id="oc-3fd">
         <name>.debug_info</name>
         <load_address>0x4233</load_address>
         <run_address>0x4233</run_address>
         <size>0x154</size>
         <input_file_ref idref="fl-48"/>
      </object_component>
      <object_component id="oc-547">
         <name>.debug_info</name>
         <load_address>0x4387</load_address>
         <run_address>0x4387</run_address>
         <size>0x151</size>
         <input_file_ref idref="fl-49"/>
      </object_component>
      <object_component id="oc-382">
         <name>.debug_info</name>
         <load_address>0x44d8</load_address>
         <run_address>0x44d8</run_address>
         <size>0x1db</size>
         <input_file_ref idref="fl-4a"/>
      </object_component>
      <object_component id="oc-74">
         <name>.debug_info</name>
         <load_address>0x46b3</load_address>
         <run_address>0x46b3</run_address>
         <size>0x1f3</size>
         <input_file_ref idref="fl-4a"/>
      </object_component>
      <object_component id="oc-37d">
         <name>.debug_info</name>
         <load_address>0x48a6</load_address>
         <run_address>0x48a6</run_address>
         <size>0x46</size>
         <input_file_ref idref="fl-4a"/>
      </object_component>
      <object_component id="oc-6b">
         <name>.debug_info</name>
         <load_address>0x48ec</load_address>
         <run_address>0x48ec</run_address>
         <size>0x2b9</size>
         <input_file_ref idref="fl-4b"/>
      </object_component>
      <object_component id="oc-41e">
         <name>.debug_info</name>
         <load_address>0x4ba5</load_address>
         <run_address>0x4ba5</run_address>
         <size>0x46</size>
         <input_file_ref idref="fl-4b"/>
      </object_component>
      <object_component id="oc-3d2">
         <name>.debug_info</name>
         <load_address>0x4beb</load_address>
         <run_address>0x4beb</run_address>
         <size>0x39</size>
         <input_file_ref idref="fl-4b"/>
      </object_component>
      <object_component id="oc-36d">
         <name>.debug_info</name>
         <load_address>0x4c24</load_address>
         <run_address>0x4c24</run_address>
         <size>0x60</size>
         <input_file_ref idref="fl-4b"/>
      </object_component>
      <object_component id="oc-4d1">
         <name>.debug_info</name>
         <load_address>0x4c84</load_address>
         <run_address>0x4c84</run_address>
         <size>0x1a3</size>
         <input_file_ref idref="fl-4c"/>
      </object_component>
      <object_component id="oc-42d">
         <name>.debug_info</name>
         <load_address>0x4e27</load_address>
         <run_address>0x4e27</run_address>
         <size>0x229</size>
         <input_file_ref idref="fl-4c"/>
      </object_component>
      <object_component id="oc-4cc">
         <name>.debug_info</name>
         <load_address>0x5050</load_address>
         <run_address>0x5050</run_address>
         <size>0x94</size>
         <input_file_ref idref="fl-4c"/>
      </object_component>
      <object_component id="oc-427">
         <name>.debug_info</name>
         <load_address>0x50e4</load_address>
         <run_address>0x50e4</run_address>
         <size>0x189</size>
         <input_file_ref idref="fl-4d"/>
      </object_component>
      <object_component id="oc-4c0">
         <name>.debug_info</name>
         <load_address>0x526d</load_address>
         <run_address>0x526d</run_address>
         <size>0xdb</size>
         <input_file_ref idref="fl-4d"/>
      </object_component>
      <object_component id="oc-57c">
         <name>.debug_info</name>
         <load_address>0x5348</load_address>
         <run_address>0x5348</run_address>
         <size>0x19c</size>
         <input_file_ref idref="fl-4e"/>
      </object_component>
      <object_component id="oc-4c7">
         <name>.debug_info</name>
         <load_address>0x54e4</load_address>
         <run_address>0x54e4</run_address>
         <size>0x2bd</size>
         <input_file_ref idref="fl-4e"/>
      </object_component>
      <object_component id="oc-5d7">
         <name>.debug_info</name>
         <load_address>0x57a1</load_address>
         <run_address>0x57a1</run_address>
         <size>0x16e</size>
         <input_file_ref idref="fl-4f"/>
      </object_component>
      <object_component id="oc-576">
         <name>.debug_info</name>
         <load_address>0x590f</load_address>
         <run_address>0x590f</run_address>
         <size>0x1de</size>
         <input_file_ref idref="fl-4f"/>
      </object_component>
      <object_component id="oc-4d8">
         <name>.debug_info</name>
         <load_address>0x5aed</load_address>
         <run_address>0x5aed</run_address>
         <size>0x161</size>
         <input_file_ref idref="fl-50"/>
      </object_component>
      <object_component id="oc-433">
         <name>.debug_info</name>
         <load_address>0x5c4e</load_address>
         <run_address>0x5c4e</run_address>
         <size>0x1ac</size>
         <input_file_ref idref="fl-50"/>
      </object_component>
      <object_component id="oc-475">
         <name>.debug_info</name>
         <load_address>0x5dfa</load_address>
         <run_address>0x5dfa</run_address>
         <size>0x123</size>
         <input_file_ref idref="fl-51"/>
      </object_component>
      <object_component id="oc-572">
         <name>.debug_info</name>
         <load_address>0x5f1d</load_address>
         <run_address>0x5f1d</run_address>
         <size>0x121</size>
         <input_file_ref idref="fl-55"/>
      </object_component>
      <object_component id="oc-4bc">
         <name>.debug_info</name>
         <load_address>0x603e</load_address>
         <run_address>0x603e</run_address>
         <size>0x127</size>
         <input_file_ref idref="fl-55"/>
      </object_component>
      <object_component id="oc-378">
         <name>.debug_info</name>
         <load_address>0x6165</load_address>
         <run_address>0x6165</run_address>
         <size>0x122</size>
         <input_file_ref idref="fl-56"/>
      </object_component>
      <object_component id="oc-567">
         <name>.debug_info</name>
         <load_address>0x6287</load_address>
         <run_address>0x6287</run_address>
         <size>0x121</size>
         <input_file_ref idref="fl-57"/>
      </object_component>
      <object_component id="oc-4d5">
         <name>.debug_info</name>
         <load_address>0x63a8</load_address>
         <run_address>0x63a8</run_address>
         <size>0x127</size>
         <input_file_ref idref="fl-57"/>
      </object_component>
      <object_component id="oc-56c">
         <name>.debug_info</name>
         <load_address>0x64cf</load_address>
         <run_address>0x64cf</run_address>
         <size>0x121</size>
         <input_file_ref idref="fl-58"/>
      </object_component>
      <object_component id="oc-5d2">
         <name>.debug_info</name>
         <load_address>0x65f0</load_address>
         <run_address>0x65f0</run_address>
         <size>0x127</size>
         <input_file_ref idref="fl-58"/>
      </object_component>
      <object_component id="oc-66c">
         <name>.debug_info</name>
         <load_address>0x6717</load_address>
         <run_address>0x6717</run_address>
         <size>0x8f</size>
      </object_component>
      <object_component id="oc-4b4">
         <name>.debug_line</name>
         <load_address>0x0</load_address>
         <run_address>0x0</run_address>
         <size>0xb9</size>
         <input_file_ref idref="fl-2"/>
      </object_component>
      <object_component id="oc-407">
         <name>.debug_line</name>
         <load_address>0xb9</load_address>
         <run_address>0xb9</run_address>
         <size>0x40</size>
         <input_file_ref idref="fl-2"/>
      </object_component>
      <object_component id="oc-392">
         <name>.debug_line</name>
         <load_address>0xf9</load_address>
         <run_address>0xf9</run_address>
         <size>0x46</size>
         <input_file_ref idref="fl-2"/>
      </object_component>
      <object_component id="oc-38c">
         <name>.debug_line</name>
         <load_address>0x13f</load_address>
         <run_address>0x13f</run_address>
         <size>0x43</size>
         <input_file_ref idref="fl-2"/>
      </object_component>
      <object_component id="oc-4b8">
         <name>.debug_line</name>
         <load_address>0x182</load_address>
         <run_address>0x182</run_address>
         <size>0x4c</size>
         <input_file_ref idref="fl-2"/>
      </object_component>
      <object_component id="oc-375">
         <name>.debug_line</name>
         <load_address>0x1ce</load_address>
         <run_address>0x1ce</run_address>
         <size>0x20</size>
         <input_file_ref idref="fl-2"/>
      </object_component>
      <object_component id="oc-4ea">
         <name>.debug_line</name>
         <load_address>0x1ee</load_address>
         <run_address>0x1ee</run_address>
         <size>0x69</size>
         <input_file_ref idref="fl-3"/>
      </object_component>
      <object_component id="oc-3e5">
         <name>.debug_line</name>
         <load_address>0x257</load_address>
         <run_address>0x257</run_address>
         <size>0x69</size>
         <input_file_ref idref="fl-3"/>
      </object_component>
      <object_component id="oc-505">
         <name>.debug_line</name>
         <load_address>0x2c0</load_address>
         <run_address>0x2c0</run_address>
         <size>0x4a</size>
         <input_file_ref idref="fl-3"/>
      </object_component>
      <object_component id="oc-518">
         <name>.debug_line</name>
         <load_address>0x30a</load_address>
         <run_address>0x30a</run_address>
         <size>0x54</size>
         <input_file_ref idref="fl-4"/>
      </object_component>
      <object_component id="oc-51e">
         <name>.debug_line</name>
         <load_address>0x35e</load_address>
         <run_address>0x35e</run_address>
         <size>0x5d</size>
         <input_file_ref idref="fl-4"/>
      </object_component>
      <object_component id="oc-3ec">
         <name>.debug_line</name>
         <load_address>0x3bb</load_address>
         <run_address>0x3bb</run_address>
         <size>0x66</size>
         <input_file_ref idref="fl-4"/>
      </object_component>
      <object_component id="oc-4ff">
         <name>.debug_line</name>
         <load_address>0x421</load_address>
         <run_address>0x421</run_address>
         <size>0x56</size>
         <input_file_ref idref="fl-4"/>
      </object_component>
      <object_component id="oc-4f3">
         <name>.debug_line</name>
         <load_address>0x477</load_address>
         <run_address>0x477</run_address>
         <size>0x75</size>
         <input_file_ref idref="fl-4"/>
      </object_component>
      <object_component id="oc-4f8">
         <name>.debug_line</name>
         <load_address>0x4ec</load_address>
         <run_address>0x4ec</run_address>
         <size>0x75</size>
         <input_file_ref idref="fl-4"/>
      </object_component>
      <object_component id="oc-463">
         <name>.debug_line</name>
         <load_address>0x561</load_address>
         <run_address>0x561</run_address>
         <size>0x6a</size>
         <input_file_ref idref="fl-4"/>
      </object_component>
      <object_component id="oc-469">
         <name>.debug_line</name>
         <load_address>0x5cb</load_address>
         <run_address>0x5cb</run_address>
         <size>0x67</size>
         <input_file_ref idref="fl-4"/>
      </object_component>
      <object_component id="oc-529">
         <name>.debug_line</name>
         <load_address>0x632</load_address>
         <run_address>0x632</run_address>
         <size>0x5a</size>
         <input_file_ref idref="fl-5"/>
      </object_component>
      <object_component id="oc-523">
         <name>.debug_line</name>
         <load_address>0x68c</load_address>
         <run_address>0x68c</run_address>
         <size>0x54</size>
         <input_file_ref idref="fl-5"/>
      </object_component>
      <object_component id="oc-46e">
         <name>.debug_line</name>
         <load_address>0x6e0</load_address>
         <run_address>0x6e0</run_address>
         <size>0x61</size>
         <input_file_ref idref="fl-5"/>
      </object_component>
      <object_component id="oc-3df">
         <name>.debug_line</name>
         <load_address>0x741</load_address>
         <run_address>0x741</run_address>
         <size>0x73</size>
         <input_file_ref idref="fl-5"/>
      </object_component>
      <object_component id="oc-3ee">
         <name>.debug_line</name>
         <load_address>0x7b4</load_address>
         <run_address>0x7b4</run_address>
         <size>0x5a</size>
         <input_file_ref idref="fl-5"/>
      </object_component>
      <object_component id="oc-50f">
         <name>.debug_line</name>
         <load_address>0x80e</load_address>
         <run_address>0x80e</run_address>
         <size>0x47</size>
         <input_file_ref idref="fl-6"/>
      </object_component>
      <object_component id="oc-50b">
         <name>.debug_line</name>
         <load_address>0x855</load_address>
         <run_address>0x855</run_address>
         <size>0x56</size>
         <input_file_ref idref="fl-6"/>
      </object_component>
      <object_component id="oc-58a">
         <name>.debug_line</name>
         <load_address>0x8ab</load_address>
         <run_address>0x8ab</run_address>
         <size>0x59</size>
         <input_file_ref idref="fl-7"/>
      </object_component>
      <object_component id="oc-52c">
         <name>.debug_line</name>
         <load_address>0x904</load_address>
         <run_address>0x904</run_address>
         <size>0x4b</size>
         <input_file_ref idref="fl-7"/>
      </object_component>
      <object_component id="oc-4e3">
         <name>.debug_line</name>
         <load_address>0x94f</load_address>
         <run_address>0x94f</run_address>
         <size>0x4a</size>
         <input_file_ref idref="fl-7"/>
      </object_component>
      <object_component id="oc-443">
         <name>.debug_line</name>
         <load_address>0x999</load_address>
         <run_address>0x999</run_address>
         <size>0x5a</size>
         <input_file_ref idref="fl-7"/>
      </object_component>
      <object_component id="oc-58e">
         <name>.debug_line</name>
         <load_address>0x9f3</load_address>
         <run_address>0x9f3</run_address>
         <size>0x71</size>
         <input_file_ref idref="fl-7"/>
      </object_component>
      <object_component id="oc-5de">
         <name>.debug_line</name>
         <load_address>0xa64</load_address>
         <run_address>0xa64</run_address>
         <size>0x75</size>
         <input_file_ref idref="fl-7"/>
      </object_component>
      <object_component id="oc-4dd">
         <name>.debug_line</name>
         <load_address>0xad9</load_address>
         <run_address>0xad9</run_address>
         <size>0x4d</size>
         <input_file_ref idref="fl-22"/>
      </object_component>
      <object_component id="oc-586">
         <name>.debug_line</name>
         <load_address>0xb26</load_address>
         <run_address>0xb26</run_address>
         <size>0x43</size>
         <input_file_ref idref="fl-23"/>
      </object_component>
      <object_component id="oc-455">
         <name>.debug_line</name>
         <load_address>0xb69</load_address>
         <run_address>0xb69</run_address>
         <size>0xbb</size>
         <input_file_ref idref="fl-24"/>
      </object_component>
      <object_component id="oc-439">
         <name>.debug_line</name>
         <load_address>0xc24</load_address>
         <run_address>0xc24</run_address>
         <size>0x5e</size>
         <input_file_ref idref="fl-25"/>
      </object_component>
      <object_component id="oc-458">
         <name>.debug_line</name>
         <load_address>0xc82</load_address>
         <run_address>0xc82</run_address>
         <size>0x7d</size>
         <input_file_ref idref="fl-26"/>
      </object_component>
      <object_component id="oc-441">
         <name>.debug_line</name>
         <load_address>0xcff</load_address>
         <run_address>0xcff</run_address>
         <size>0x68</size>
         <input_file_ref idref="fl-27"/>
      </object_component>
      <object_component id="oc-44b">
         <name>.debug_line</name>
         <load_address>0xd67</load_address>
         <run_address>0xd67</run_address>
         <size>0x4d</size>
         <input_file_ref idref="fl-28"/>
      </object_component>
      <object_component id="oc-384">
         <name>.debug_line</name>
         <load_address>0xdb4</load_address>
         <run_address>0xdb4</run_address>
         <size>0x3d</size>
         <input_file_ref idref="fl-3d"/>
      </object_component>
      <object_component id="oc-3d1">
         <name>.debug_line</name>
         <load_address>0xdf1</load_address>
         <run_address>0xdf1</run_address>
         <size>0x2a</size>
         <input_file_ref idref="fl-43"/>
      </object_component>
      <object_component id="oc-3ab">
         <name>.debug_line</name>
         <load_address>0xe1b</load_address>
         <run_address>0xe1b</run_address>
         <size>0x46</size>
         <input_file_ref idref="fl-43"/>
      </object_component>
      <object_component id="oc-5b1">
         <name>.debug_line</name>
         <load_address>0xe61</load_address>
         <run_address>0xe61</run_address>
         <size>0xbf</size>
         <input_file_ref idref="fl-44"/>
      </object_component>
      <object_component id="oc-484">
         <name>.debug_line</name>
         <load_address>0xf20</load_address>
         <run_address>0xf20</run_address>
         <size>0x75</size>
         <input_file_ref idref="fl-44"/>
      </object_component>
      <object_component id="oc-5b5">
         <name>.debug_line</name>
         <load_address>0xf95</load_address>
         <run_address>0xf95</run_address>
         <size>0x2e</size>
         <input_file_ref idref="fl-44"/>
      </object_component>
      <object_component id="oc-5cc">
         <name>.debug_line</name>
         <load_address>0xfc3</load_address>
         <run_address>0xfc3</run_address>
         <size>0x9a</size>
         <input_file_ref idref="fl-44"/>
      </object_component>
      <object_component id="oc-559">
         <name>.debug_line</name>
         <load_address>0x105d</load_address>
         <run_address>0x105d</run_address>
         <size>0x97</size>
         <input_file_ref idref="fl-44"/>
      </object_component>
      <object_component id="oc-5ba">
         <name>.debug_line</name>
         <load_address>0x10f4</load_address>
         <run_address>0x10f4</run_address>
         <size>0x93</size>
         <input_file_ref idref="fl-44"/>
      </object_component>
      <object_component id="oc-398">
         <name>.debug_line</name>
         <load_address>0x1187</load_address>
         <run_address>0x1187</run_address>
         <size>0x53</size>
         <input_file_ref idref="fl-45"/>
      </object_component>
      <object_component id="oc-3f9">
         <name>.debug_line</name>
         <load_address>0x11da</load_address>
         <run_address>0x11da</run_address>
         <size>0x34</size>
         <input_file_ref idref="fl-45"/>
      </object_component>
      <object_component id="oc-400">
         <name>.debug_line</name>
         <load_address>0x120e</load_address>
         <run_address>0x120e</run_address>
         <size>0x3e</size>
         <input_file_ref idref="fl-48"/>
      </object_component>
      <object_component id="oc-545">
         <name>.debug_line</name>
         <load_address>0x124c</load_address>
         <run_address>0x124c</run_address>
         <size>0x3a</size>
         <input_file_ref idref="fl-49"/>
      </object_component>
      <object_component id="oc-3d9">
         <name>.debug_line</name>
         <load_address>0x1286</load_address>
         <run_address>0x1286</run_address>
         <size>0x3a</size>
         <input_file_ref idref="fl-4a"/>
      </object_component>
      <object_component id="oc-72">
         <name>.debug_line</name>
         <load_address>0x12c0</load_address>
         <run_address>0x12c0</run_address>
         <size>0x50</size>
         <input_file_ref idref="fl-4a"/>
      </object_component>
      <object_component id="oc-380">
         <name>.debug_line</name>
         <load_address>0x1310</load_address>
         <run_address>0x1310</run_address>
         <size>0x3a</size>
         <input_file_ref idref="fl-4a"/>
      </object_component>
      <object_component id="oc-6f">
         <name>.debug_line</name>
         <load_address>0x134a</load_address>
         <run_address>0x134a</run_address>
         <size>0x9d</size>
         <input_file_ref idref="fl-4b"/>
      </object_component>
      <object_component id="oc-421">
         <name>.debug_line</name>
         <load_address>0x13e7</load_address>
         <run_address>0x13e7</run_address>
         <size>0x9a</size>
         <input_file_ref idref="fl-4b"/>
      </object_component>
      <object_component id="oc-3d5">
         <name>.debug_line</name>
         <load_address>0x1481</load_address>
         <run_address>0x1481</run_address>
         <size>0x96</size>
         <input_file_ref idref="fl-4b"/>
      </object_component>
      <object_component id="oc-370">
         <name>.debug_line</name>
         <load_address>0x1517</load_address>
         <run_address>0x1517</run_address>
         <size>0x3a</size>
         <input_file_ref idref="fl-4b"/>
      </object_component>
      <object_component id="oc-57e">
         <name>.debug_line</name>
         <load_address>0x1551</load_address>
         <run_address>0x1551</run_address>
         <size>0x2d</size>
         <input_file_ref idref="fl-4c"/>
      </object_component>
      <object_component id="oc-430">
         <name>.debug_line</name>
         <load_address>0x157e</load_address>
         <run_address>0x157e</run_address>
         <size>0xc9</size>
         <input_file_ref idref="fl-4c"/>
      </object_component>
      <object_component id="oc-4cf">
         <name>.debug_line</name>
         <load_address>0x1647</load_address>
         <run_address>0x1647</run_address>
         <size>0x2e</size>
         <input_file_ref idref="fl-4c"/>
      </object_component>
      <object_component id="oc-42b">
         <name>.debug_line</name>
         <load_address>0x1675</load_address>
         <run_address>0x1675</run_address>
         <size>0x55</size>
         <input_file_ref idref="fl-4d"/>
      </object_component>
      <object_component id="oc-4c3">
         <name>.debug_line</name>
         <load_address>0x16ca</load_address>
         <run_address>0x16ca</run_address>
         <size>0x2e</size>
         <input_file_ref idref="fl-4d"/>
      </object_component>
      <object_component id="oc-5d9">
         <name>.debug_line</name>
         <load_address>0x16f8</load_address>
         <run_address>0x16f8</run_address>
         <size>0x2d</size>
         <input_file_ref idref="fl-4e"/>
      </object_component>
      <object_component id="oc-4c6">
         <name>.debug_line</name>
         <load_address>0x1725</load_address>
         <run_address>0x1725</run_address>
         <size>0xff</size>
         <input_file_ref idref="fl-4e"/>
      </object_component>
      <object_component id="oc-5f6">
         <name>.debug_line</name>
         <load_address>0x1824</load_address>
         <run_address>0x1824</run_address>
         <size>0x20</size>
         <input_file_ref idref="fl-4f"/>
      </object_component>
      <object_component id="oc-579">
         <name>.debug_line</name>
         <load_address>0x1844</load_address>
         <run_address>0x1844</run_address>
         <size>0x82</size>
         <input_file_ref idref="fl-4f"/>
      </object_component>
      <object_component id="oc-581">
         <name>.debug_line</name>
         <load_address>0x18c6</load_address>
         <run_address>0x18c6</run_address>
         <size>0x20</size>
         <input_file_ref idref="fl-50"/>
      </object_component>
      <object_component id="oc-437">
         <name>.debug_line</name>
         <load_address>0x18e6</load_address>
         <run_address>0x18e6</run_address>
         <size>0x6b</size>
         <input_file_ref idref="fl-50"/>
      </object_component>
      <object_component id="oc-479">
         <name>.debug_line</name>
         <load_address>0x1951</load_address>
         <run_address>0x1951</run_address>
         <size>0x3d</size>
         <input_file_ref idref="fl-51"/>
      </object_component>
      <object_component id="oc-571">
         <name>.debug_line</name>
         <load_address>0x198e</load_address>
         <run_address>0x198e</run_address>
         <size>0x3e</size>
         <input_file_ref idref="fl-55"/>
      </object_component>
      <object_component id="oc-4bb">
         <name>.debug_line</name>
         <load_address>0x19cc</load_address>
         <run_address>0x19cc</run_address>
         <size>0x56</size>
         <input_file_ref idref="fl-55"/>
      </object_component>
      <object_component id="oc-37b">
         <name>.debug_line</name>
         <load_address>0x1a22</load_address>
         <run_address>0x1a22</run_address>
         <size>0x52</size>
         <input_file_ref idref="fl-56"/>
      </object_component>
      <object_component id="oc-56a">
         <name>.debug_line</name>
         <load_address>0x1a74</load_address>
         <run_address>0x1a74</run_address>
         <size>0x3e</size>
         <input_file_ref idref="fl-57"/>
      </object_component>
      <object_component id="oc-4d4">
         <name>.debug_line</name>
         <load_address>0x1ab2</load_address>
         <run_address>0x1ab2</run_address>
         <size>0x56</size>
         <input_file_ref idref="fl-57"/>
      </object_component>
      <object_component id="oc-56f">
         <name>.debug_line</name>
         <load_address>0x1b08</load_address>
         <run_address>0x1b08</run_address>
         <size>0x41</size>
         <input_file_ref idref="fl-58"/>
      </object_component>
      <object_component id="oc-5d5">
         <name>.debug_line</name>
         <load_address>0x1b49</load_address>
         <run_address>0x1b49</run_address>
         <size>0x56</size>
         <input_file_ref idref="fl-58"/>
      </object_component>
      <object_component id="oc-406">
         <name>.debug_frame</name>
         <load_address>0x0</load_address>
         <run_address>0x0</run_address>
         <size>0x3c</size>
         <input_file_ref idref="fl-2"/>
      </object_component>
      <object_component id="oc-393">
         <name>.debug_frame</name>
         <load_address>0x3c</load_address>
         <run_address>0x3c</run_address>
         <size>0x3c</size>
         <input_file_ref idref="fl-2"/>
      </object_component>
      <object_component id="oc-38d">
         <name>.debug_frame</name>
         <load_address>0x78</load_address>
         <run_address>0x78</run_address>
         <size>0x4c</size>
         <input_file_ref idref="fl-2"/>
      </object_component>
      <object_component id="oc-3e6">
         <name>.debug_frame</name>
         <load_address>0xc4</load_address>
         <run_address>0xc4</run_address>
         <size>0x40</size>
         <input_file_ref idref="fl-3"/>
      </object_component>
      <object_component id="oc-506">
         <name>.debug_frame</name>
         <load_address>0x104</load_address>
         <run_address>0x104</run_address>
         <size>0x3c</size>
         <input_file_ref idref="fl-3"/>
      </object_component>
      <object_component id="oc-517">
         <name>.debug_frame</name>
         <load_address>0x140</load_address>
         <run_address>0x140</run_address>
         <size>0x3c</size>
         <input_file_ref idref="fl-4"/>
      </object_component>
      <object_component id="oc-51d">
         <name>.debug_frame</name>
         <load_address>0x17c</load_address>
         <run_address>0x17c</run_address>
         <size>0x3c</size>
         <input_file_ref idref="fl-4"/>
      </object_component>
      <object_component id="oc-3eb">
         <name>.debug_frame</name>
         <load_address>0x1b8</load_address>
         <run_address>0x1b8</run_address>
         <size>0x40</size>
         <input_file_ref idref="fl-4"/>
      </object_component>
      <object_component id="oc-4fe">
         <name>.debug_frame</name>
         <load_address>0x1f8</load_address>
         <run_address>0x1f8</run_address>
         <size>0x3c</size>
         <input_file_ref idref="fl-4"/>
      </object_component>
      <object_component id="oc-4f2">
         <name>.debug_frame</name>
         <load_address>0x234</load_address>
         <run_address>0x234</run_address>
         <size>0x48</size>
         <input_file_ref idref="fl-4"/>
      </object_component>
      <object_component id="oc-4f9">
         <name>.debug_frame</name>
         <load_address>0x27c</load_address>
         <run_address>0x27c</run_address>
         <size>0x48</size>
         <input_file_ref idref="fl-4"/>
      </object_component>
      <object_component id="oc-464">
         <name>.debug_frame</name>
         <load_address>0x2c4</load_address>
         <run_address>0x2c4</run_address>
         <size>0x3c</size>
         <input_file_ref idref="fl-4"/>
      </object_component>
      <object_component id="oc-46a">
         <name>.debug_frame</name>
         <load_address>0x300</load_address>
         <run_address>0x300</run_address>
         <size>0x44</size>
         <input_file_ref idref="fl-4"/>
      </object_component>
      <object_component id="oc-52a">
         <name>.debug_frame</name>
         <load_address>0x344</load_address>
         <run_address>0x344</run_address>
         <size>0x3c</size>
         <input_file_ref idref="fl-5"/>
      </object_component>
      <object_component id="oc-524">
         <name>.debug_frame</name>
         <load_address>0x380</load_address>
         <run_address>0x380</run_address>
         <size>0x3c</size>
         <input_file_ref idref="fl-5"/>
      </object_component>
      <object_component id="oc-46f">
         <name>.debug_frame</name>
         <load_address>0x3bc</load_address>
         <run_address>0x3bc</run_address>
         <size>0x3c</size>
         <input_file_ref idref="fl-5"/>
      </object_component>
      <object_component id="oc-3e0">
         <name>.debug_frame</name>
         <load_address>0x3f8</load_address>
         <run_address>0x3f8</run_address>
         <size>0x4c</size>
         <input_file_ref idref="fl-5"/>
      </object_component>
      <object_component id="oc-3ef">
         <name>.debug_frame</name>
[...]
         <name>__TI_pprof_out_hndl</name>
         <value>0xffffffff</value>
      </symbol>
      <symbol id="sm-2e3">
         <name>__TI_prof_data_start</name>
         <value>0xffffffff</value>
      </symbol>
      <symbol id="sm-2e4">
         <name>__TI_prof_data_size</name>
         <value>0xffffffff</value>
      </symbol>
      <symbol id="sm-369">
         <name>SystemStatus</name>
         <value>0x2400</value>
      </symbol>
      <symbol id="sm-36a">
         <name>__TI_int56</name>
         <value>0xfff0</value>
         <object_component_ref idref="oc-85"/>
      </symbol>
      <symbol id="sm-36b">
         <name>__TI_int53</name>
         <value>0xffea</value>
         <object_component_ref idref="oc-82"/>
      </symbol>
      <symbol id="sm-36c">
         <name>USCI_A0_ISR</name>
         <value>0x4432</value>
         <object_component_ref idref="oc-38e"/>
      </symbol>
      <symbol id="sm-36d">
         <name>main</name>
         <value>0x57c2</value>
         <object_component_ref idref="oc-402"/>
      </symbol>
      <symbol id="sm-36e">
         <name>Timer_A</name>
         <value>0x441c</value>
         <object_component_ref idref="oc-388"/>
      </symbol>
      <symbol id="sm-388">
         <name>FilterBuff</name>
         <value>0x242c</value>
      </symbol>
      <symbol id="sm-389">
         <name>FilterBuffVoltage</name>
         <value>0x2440</value>
      </symbol>
      <symbol id="sm-38a">
         <name>ADC_init</name>
         <value>0x5612</value>
         <object_component_ref idref="oc-501"/>
      </symbol>
      <symbol id="sm-38b">
         <name>CurrentDetect</name>
         <value>0x4aa6</value>
         <object_component_ref idref="oc-3e1"/>
      </symbol>
      <symbol id="sm-3ec">
         <name>Direct_Forward</name>
         <value>0x570c</value>
         <object_component_ref idref="oc-4fa"/>
      </symbol>
      <symbol id="sm-3ed">
         <name>motol_init</name>
         <value>0x5780</value>
         <object_component_ref idref="oc-513"/>
      </symbol>
      <symbol id="sm-3ee">
         <name>FollowLine</name>
         <value>0x4edc</value>
         <object_component_ref idref="oc-4ee"/>
      </symbol>
      <symbol id="sm-3ef">
         <name>Rode_port_init</name>
         <value>0x5640</value>
         <object_component_ref idref="oc-519"/>
      </symbol>
      <symbol id="sm-3f0">
         <name>RodeDetect</name>
         <value>0x5146</value>
         <object_component_ref idref="oc-3e7"/>
      </symbol>
      <symbol id="sm-3f1">
         <name>FollowLineMode3</name>
         <value>0x4d78</value>
         <object_component_ref idref="oc-4f4"/>
      </symbol>
      <symbol id="sm-3f2">
         <name>Mode_1</name>
         <value>0x559a</value>
         <object_component_ref idref="oc-465"/>
      </symbol>
      <symbol id="sm-3f3">
         <name>Mode_3</name>
         <value>0x53a6</value>
         <object_component_ref idref="oc-462"/>
      </symbol>
      <symbol id="sm-3f4">
         <name>Mode_2</name>
         <value>0x4edc</value>
         <object_component_ref idref="oc-4ee"/>
      </symbol>
      <symbol id="sm-423">
         <name>SysTimeFlash</name>
         <value>0x4cb0</value>
         <object_component_ref idref="oc-3db"/>
      </symbol>
      <symbol id="sm-424">
         <name>Encode_port_init</name>
         <value>0x555e</value>
         <object_component_ref idref="oc-51f"/>
      </symbol>
      <symbol id="sm-425">
         <name>Schedule</name>
         <value>0x56c2</value>
         <object_component_ref idref="oc-3ed"/>
      </symbol>
      <symbol id="sm-426">
         <name>System_Init</name>
         <value>0x51c8</value>
         <object_component_ref idref="oc-46d"/>
      </symbol>
      <symbol id="sm-427">
         <name>System_Mode_confirm</name>
         <value>0x572a</value>
         <object_component_ref idref="oc-525"/>
      </symbol>
      <symbol id="sm-437">
         <name>Timer_init</name>
         <value>0x576c</value>
         <object_component_ref idref="oc-50d"/>
      </symbol>
      <symbol id="sm-438">
         <name>PWM_init</name>
         <value>0x5428</value>
         <object_component_ref idref="oc-507"/>
      </symbol>
      <symbol id="sm-463">
         <name>Uart0_init</name>
         <value>0x5698</value>
         <object_component_ref idref="oc-52b"/>
      </symbol>
      <symbol id="sm-464">
         <name>SendSring</name>
         <value>0x5758</value>
         <object_component_ref idref="oc-4e0"/>
      </symbol>
      <symbol id="sm-465">
         <name>Send_digital</name>
         <value>0x4f8a</value>
         <object_component_ref idref="oc-442"/>
      </symbol>
      <symbol id="sm-471">
         <name>__mspabi_remi</name>
         <value>0x566c</value>
         <object_component_ref idref="oc-4db"/>
      </symbol>
      <symbol id="sm-472">
         <name>__mspabi_divi</name>
         <value>0x566c</value>
         <object_component_ref idref="oc-4db"/>
      </symbol>
      <symbol id="sm-47c">
         <name>__mspabi_remu</name>
         <value>0x5742</value>
         <object_component_ref idref="oc-582"/>
      </symbol>
      <symbol id="sm-47d">
         <name>__mspabi_divu</name>
         <value>0x5742</value>
         <object_component_ref idref="oc-582"/>
      </symbol>
      <symbol id="sm-498">
         <name>__mspabi_subf</name>
         <value>0x4974</value>
         <object_component_ref idref="oc-451"/>
      </symbol>
      <symbol id="sm-499">
         <name>__mspabi_addf</name>
         <value>0x497a</value>
         <object_component_ref idref="oc-451"/>
      </symbol>
      <symbol id="sm-4a9">
         <name>__mspabi_cmpf</name>
         <value>0x535c</value>
         <object_component_ref idref="oc-438"/>
      </symbol>
      <symbol id="sm-4bb">
         <name>__mspabi_divf</name>
         <value>0x502a</value>
         <object_component_ref idref="oc-456"/>
      </symbol>
      <symbol id="sm-4cd">
         <name>__mspabi_fixfi</name>
         <value>0x5242</value>
         <object_component_ref idref="oc-43d"/>
      </symbol>
      <symbol id="sm-4d8">
         <name>__mspabi_fltuf</name>
         <value>0x56e8</value>
         <object_component_ref idref="oc-449"/>
      </symbol>
      <symbol id="sm-4db">
         <name>__TI_int41</name>
         <value>0xffd2</value>
         <object_component_ref idref="oc-76"/>
      </symbol>
      <symbol id="sm-4de">
         <name>__TI_int42</name>
         <value>0xffd4</value>
         <object_component_ref idref="oc-77"/>
      </symbol>
      <symbol id="sm-4e1">
         <name>__TI_int43</name>
         <value>0xffd6</value>
         <object_component_ref idref="oc-78"/>
      </symbol>
      <symbol id="sm-4e4">
         <name>__TI_int44</name>
         <value>0xffd8</value>
         <object_component_ref idref="oc-79"/>
      </symbol>
      <symbol id="sm-4e7">
         <name>__TI_int45</name>
         <value>0xffda</value>
         <object_component_ref idref="oc-7a"/>
      </symbol>
      <symbol id="sm-4ea">
         <name>__TI_int46</name>
         <value>0xffdc</value>
         <object_component_ref idref="oc-7b"/>
      </symbol>
      <symbol id="sm-4ed">
         <name>__TI_int47</name>
         <value>0xffde</value>
         <object_component_ref idref="oc-7c"/>
      </symbol>
      <symbol id="sm-4f0">
         <name>__TI_int48</name>
         <value>0xffe0</value>
         <object_component_ref idref="oc-7d"/>
      </symbol>
      <symbol id="sm-4f3">
         <name>__TI_int49</name>
         <value>0xffe2</value>
         <object_component_ref idref="oc-7e"/>
      </symbol>
      <symbol id="sm-4f6">
         <name>__TI_int50</name>
         <value>0xffe4</value>
         <object_component_ref idref="oc-7f"/>
      </symbol>
      <symbol id="sm-4f9">
         <name>__TI_int51</name>
         <value>0xffe6</value>
         <object_component_ref idref="oc-80"/>
      </symbol>
      <symbol id="sm-4fc">
         <name>__TI_int52</name>
         <value>0xffe8</value>
         <object_component_ref idref="oc-81"/>
      </symbol>
      <symbol id="sm-4ff">
         <name>__TI_int54</name>
         <value>0xffec</value>
         <object_component_ref idref="oc-83"/>
      </symbol>
      <symbol id="sm-502">
         <name>__TI_int55</name>
         <value>0xffee</value>
         <object_component_ref idref="oc-84"/>
      </symbol>
      <symbol id="sm-505">
         <name>__TI_int57</name>
         <value>0xfff2</value>
         <object_component_ref idref="oc-86"/>
      </symbol>
      <symbol id="sm-508">
         <name>__TI_int58</name>
         <value>0xfff4</value>
         <object_component_ref idref="oc-87"/>
      </symbol>
      <symbol id="sm-50b">
         <name>__TI_int59</name>
         <value>0xfff6</value>
         <object_component_ref idref="oc-88"/>
      </symbol>
      <symbol id="sm-50e">
         <name>__TI_int60</name>
         <value>0xfff8</value>
         <object_component_ref idref="oc-89"/>
      </symbol>
      <symbol id="sm-511">
         <name>__TI_int61</name>
         <value>0xfffa</value>
         <object_component_ref idref="oc-8a"/>
      </symbol>
      <symbol id="sm-514">
         <name>__TI_int62</name>
         <value>0xfffc</value>
         <object_component_ref idref="oc-8b"/>
      </symbol>
      <symbol id="sm-51c">
         <name>__TI_ISR_TRAP</name>
         <value>0x4446</value>
         <object_component_ref idref="oc-383"/>
      </symbol>
      <symbol id="sm-531">
         <name>_stack</name>
         <value>0x4360</value>
         <object_component_ref idref="oc-368"/>
      </symbol>
      <symbol id="sm-532">
         <name>_c_int00_noargs</name>
         <value>0x4400</value>
         <object_component_ref idref="oc-3a6"/>
      </symbol>
      <symbol id="sm-533">
         <name>_reset_vector</name>
         <value>0xfffe</value>
         <object_component_ref idref="oc-36b"/>
      </symbol>
      <symbol id="sm-555">
         <name>__TI_auto_init_nobinit_nopinit</name>
         <value>0x5306</value>
         <object_component_ref idref="oc-480"/>
      </symbol>
      <symbol id="sm-565">
         <name>__TI_zero_init_nomemset</name>
         <value>0x5466</value>
         <object_component_ref idref="oc-394"/>
      </symbol>
      <symbol id="sm-570">
         <name>_system_pre_init</name>
         <value>0x57d0</value>
         <object_component_ref idref="oc-3fc"/>
      </symbol>
      <symbol id="sm-579">
         <name>_system_post_cinit</name>
         <value>0x57d4</value>
         <object_component_ref idref="oc-544"/>
      </symbol>
      <symbol id="sm-58a">
         <name>__TI_decompress_none</name>
         <value>0x55d6</value>
         <object_component_ref idref="oc-70"/>
      </symbol>
      <symbol id="sm-5ab">
         <name>__TI_decompress_lzss</name>
         <value>0x4bc2</value>
         <object_component_ref idref="oc-6a"/>
      </symbol>
      <symbol id="sm-5d2">
         <name>__mspabi_addd</name>
         <value>0x444e</value>
         <object_component_ref idref="oc-42c"/>
      </symbol>
      <symbol id="sm-5e5">
         <name>__mspabi_cvtfd</name>
         <value>0x52aa</value>
         <object_component_ref idref="oc-426"/>
      </symbol>
      <symbol id="sm-606">
         <name>__TI_frcaddd</name>
         <value>0x472c</value>
         <object_component_ref idref="oc-4c5"/>
      </symbol>
      <symbol id="sm-61a">
         <name>__TI_renormd</name>
         <value>0x4e2a</value>
         <object_component_ref idref="oc-575"/>
      </symbol>
      <symbol id="sm-62d">
         <name>__mspabi_cvtdf</name>
         <value>0x50ba</value>
         <object_component_ref idref="oc-432"/>
      </symbol>
      <symbol id="sm-637">
         <name>C$$EXIT</name>
         <value>0x57ca</value>
         <object_component_ref idref="oc-474"/>
      </symbol>
      <symbol id="sm-638">
         <name>abort</name>
         <value>0x57ca</value>
         <object_component_ref idref="oc-474"/>
      </symbol>
      <symbol id="sm-64b">
         <name>__mspabi_sral</name>
         <value>0x5792</value>
         <object_component_ref idref="oc-570"/>
      </symbol>
      <symbol id="sm-64c">
         <name>__mspabi_sral_15</name>
         <value>0x54a4</value>
         <object_component_ref idref="oc-4ba"/>
      </symbol>
      <symbol id="sm-64d">
         <name>__mspabi_sral_14</name>
         <value>0x54a8</value>
         <object_component_ref idref="oc-4ba"/>
      </symbol>
      <symbol id="sm-64e">
         <name>__mspabi_sral_13</name>
         <value>0x54ac</value>
         <object_component_ref idref="oc-4ba"/>
      </symbol>
      <symbol id="sm-64f">
         <name>__mspabi_sral_12</name>
         <value>0x54b0</value>
         <object_component_ref idref="oc-4ba"/>
      </symbol>
      <symbol id="sm-650">
         <name>__mspabi_sral_11</name>
         <value>0x54b4</value>
         <object_component_ref idref="oc-4ba"/>
      </symbol>
      <symbol id="sm-651">
         <name>__mspabi_sral_10</name>
         <value>0x54b8</value>
         <object_component_ref idref="oc-4ba"/>
      </symbol>
      <symbol id="sm-652">
         <name>__mspabi_sral_8</name>
         <value>0x54c0</value>
         <object_component_ref idref="oc-4ba"/>
      </symbol>
      <symbol id="sm-653">
         <name>__mspabi_sral_9</name>
         <value>0x54bc</value>
         <object_component_ref idref="oc-4ba"/>
      </symbol>
      <symbol id="sm-654">
         <name>__mspabi_sral_6</name>
         <value>0x54c8</value>
         <object_component_ref idref="oc-4ba"/>
      </symbol>
      <symbol id="sm-655">
         <name>__mspabi_sral_7</name>
         <value>0x54c4</value>
         <object_component_ref idref="oc-4ba"/>
      </symbol>
      <symbol id="sm-656">
         <name>__mspabi_sral_4</name>
         <value>0x54d0</value>
         <object_component_ref idref="oc-4ba"/>
      </symbol>
      <symbol id="sm-657">
         <name>__mspabi_sral_5</name>
         <value>0x54cc</value>
         <object_component_ref idref="oc-4ba"/>
      </symbol>
      <symbol id="sm-658">
         <name>__mspabi_sral_2</name>
         <value>0x54d8</value>
         <object_component_ref idref="oc-4ba"/>
      </symbol>
      <symbol id="sm-659">
         <name>__mspabi_sral_3</name>
         <value>0x54d4</value>
         <object_component_ref idref="oc-4ba"/>
      </symbol>
      <symbol id="sm-65a">
         <name>__mspabi_sral_1</name>
         <value>0x54dc</value>
         <object_component_ref idref="oc-4ba"/>
      </symbol>
      <symbol id="sm-665">
         <name>__memcpy_far</name>
         <value>0x53e8</value>
         <object_component_ref idref="oc-377"/>
      </symbol>
      <symbol id="sm-675">
         <name>__mspabi_slll_9</name>
         <value>0x54fa</value>
         <object_component_ref idref="oc-4d2"/>
      </symbol>
      <symbol id="sm-676">
         <name>__mspabi_slll_8</name>
         <value>0x54fe</value>
         <object_component_ref idref="oc-4d2"/>
      </symbol>
      <symbol id="sm-677">
         <name>__mspabi_slll_7</name>
         <value>0x5502</value>
         <object_component_ref idref="oc-4d2"/>
      </symbol>
      <symbol id="sm-678">
         <name>__mspabi_slll_6</name>
         <value>0x5506</value>
         <object_component_ref idref="oc-4d2"/>
      </symbol>
      <symbol id="sm-679">
         <name>__mspabi_slll_5</name>
         <value>0x550a</value>
         <object_component_ref idref="oc-4d2"/>
      </symbol>
      <symbol id="sm-67a">
         <name>__mspabi_slll_4</name>
         <value>0x550e</value>
         <object_component_ref idref="oc-4d2"/>
      </symbol>
      <symbol id="sm-67b">
         <name>__mspabi_slll_3</name>
         <value>0x5512</value>
         <object_component_ref idref="oc-4d2"/>
      </symbol>
      <symbol id="sm-67c">
         <name>__mspabi_slll_2</name>
         <value>0x5516</value>
         <object_component_ref idref="oc-4d2"/>
      </symbol>
      <symbol id="sm-67d">
         <name>__mspabi_slll_1</name>
         <value>0x551a</value>
         <object_component_ref idref="oc-4d2"/>
      </symbol>
      <symbol id="sm-67e">
         <name>__mspabi_slll</name>
         <value>0x57a2</value>
         <object_component_ref idref="oc-566"/>
      </symbol>
      <symbol id="sm-67f">
         <name>__mspabi_slll_15</name>
         <value>0x54e2</value>
         <object_component_ref idref="oc-4d2"/>
      </symbol>
      <symbol id="sm-680">
         <name>__mspabi_slll_14</name>
         <value>0x54e6</value>
         <object_component_ref idref="oc-4d2"/>
      </symbol>
      <symbol id="sm-681">
         <name>__mspabi_slll_13</name>
         <value>0x54ea</value>
         <object_component_ref idref="oc-4d2"/>
      </symbol>
      <symbol id="sm-682">
         <name>__mspabi_slll_12</name>
         <value>0x54ee</value>
         <object_component_ref idref="oc-4d2"/>
      </symbol>
      <symbol id="sm-683">
         <name>__mspabi_slll_11</name>
         <value>0x54f2</value>
         <object_component_ref idref="oc-4d2"/>
      </symbol>
      <symbol id="sm-684">
         <name>__mspabi_slll_10</name>
         <value>0x54f6</value>
         <object_component_ref idref="oc-4d2"/>
      </symbol>
      <symbol id="sm-694">
         <name>__mspabi_srll_8</name>
         <value>0x553c</value>
         <object_component_ref idref="oc-5d1"/>
      </symbol>
      <symbol id="sm-695">
         <name>__mspabi_srll_9</name>
         <value>0x5538</value>
         <object_component_ref idref="oc-5d1"/>
      </symbol>
      <symbol id="sm-696">
         <name>__mspabi_srll_6</name>
         <value>0x5544</value>
         <object_component_ref idref="oc-5d1"/>
      </symbol>
      <symbol id="sm-697">
         <name>__mspabi_srll_7</name>
         <value>0x5540</value>
         <object_component_ref idref="oc-5d1"/>
      </symbol>
      <symbol id="sm-698">
         <name>__mspabi_srll_4</name>
         <value>0x554c</value>
         <object_component_ref idref="oc-5d1"/>
      </symbol>
      <symbol id="sm-699">
         <name>__mspabi_srll_5</name>
         <value>0x5548</value>
         <object_component_ref idref="oc-5d1"/>
      </symbol>
      <symbol id="sm-69a">
         <name>__mspabi_srll_2</name>
         <value>0x5554</value>
         <object_component_ref idref="oc-5d1"/>
      </symbol>
      <symbol id="sm-69b">
         <name>__mspabi_srll_3</name>
         <value>0x5550</value>
         <object_component_ref idref="oc-5d1"/>
      </symbol>
      <symbol id="sm-69c">
         <name>__mspabi_srll_1</name>
         <value>0x5558</value>
         <object_component_ref idref="oc-5d1"/>
      </symbol>
      <symbol id="sm-69d">
         <name>__mspabi_srll_15</name>
         <value>0x5520</value>
         <object_component_ref idref="oc-5d1"/>
      </symbol>
      <symbol id="sm-69e">
         <name>__mspabi_srll_14</name>
         <value>0x5524</value>
         <object_component_ref idref="oc-5d1"/>
      </symbol>
      <symbol id="sm-69f">
         <name>__mspabi_srll_13</name>
         <value>0x5528</value>
         <object_component_ref idref="oc-5d1"/>
      </symbol>
      <symbol id="sm-6a0">
         <name>__mspabi_srll_12</name>
         <value>0x552c</value>
         <object_component_ref idref="oc-5d1"/>
      </symbol>
      <symbol id="sm-6a1">
         <name>__mspabi_srll_11</name>
         <value>0x5530</value>
         <object_component_ref idref="oc-5d1"/>
      </symbol>
      <symbol id="sm-6a2">
         <name>__mspabi_srll_10</name>
         <value>0x5534</value>
         <object_component_ref idref="oc-5d1"/>
      </symbol>
      <symbol id="sm-6a3">
         <name>__mspabi_srll</name>
         <value>0x57b2</value>
         <object_component_ref idref="oc-56b"/>
      </symbol>
   </symbol_table>
   <title>Link successful</title>
</link_info>
